mingw32-make[2]: *** [CMakeFiles\raylib_boids.dir\build.make:79: CMakeFiles/raylib_boids.dir/src/main.cpp.obj] Error 1
mingw32-make[1]: *** [CMakeFiles\Makefile2:171: CMakeFiles/raylib_boids.dir/all] Error 2
mingw32-make: *** [Makefile:155: all] Error 2
